patch:0:  Patch does not appear to diff against any file.  [patch/notempty] [3]
